../Core/Inc/NRF24.h:357:20:nrf24_set_payload_size	16	static
../Core/Src/main.c:109:5:main	8	static,ignoring_inline_asm
../Core/Src/main.c:177:6:SystemClock_Config	88	static
../Core/Src/main.c:221:6:nrf24_transmitter_setup	16	static
../Core/Src/main.c:245:5:__io_putchar	16	static
../Core/Src/main.c:253:6:transmit_sensor_data	112	static,ignoring_inline_asm
../Core/Src/main.c:292:6:HAL_TIM_PeriodElapsedCallback	16	static
../Core/Src/main.c:303:6:HAL_ADC_ConvCpltCallback	16	static
../Core/Src/main.c:315:6:HAL_ADC_ErrorCallback	16	static
../Core/Src/main.c:333:6:Error_Handler	4	static,ignoring_inline_asm
