../Core/Src/NRF24.c:15:6:csn_high	8	static
../Core/Src/NRF24.c:24:6:csn_low	8	static
../Core/Src/NRF24.c:31:6:ce_high	8	static
../Core/Src/NRF24.c:35:6:ce_low	8	static
../Core/Src/NRF24.c:40:6:nrf24_w_reg	24	static
../Core/Src/NRF24.c:52:9:nrf24_r_reg	24	static
../Core/Src/NRF24.c:66:6:nrf24_w_spec_cmd	16	static
../Core/Src/NRF24.c:70:6:nrf24_w_spec_reg	16	static
../Core/Src/NRF24.c:74:6:nrf24_r_spec_reg	16	static
../Core/Src/NRF24.c:78:6:nrf24_pwr_up	16	static
../Core/Src/NRF24.c:88:6:nrf24_pwr_dwn	16	static
../Core/Src/NRF24.c:98:6:nrf24_tx_pwr	24	static
../Core/Src/NRF24.c:110:6:nrf24_data_rate	24	static
../Core/Src/NRF24.c:126:6:nrf24_set_channel	16	static
../Core/Src/NRF24.c:130:6:nrf24_open_tx_pipe	16	static
../Core/Src/NRF24.c:134:6:nrf24_pipe_pld_size	16	static
../Core/Src/NRF24.c:167:6:nrf24_open_rx_pipe	24	static
../Core/Src/NRF24.c:209:6:nrf24_cls_rx_pipe	24	static
../Core/Src/NRF24.c:217:6:nrf24_set_crc	24	static
../Core/Src/NRF24.c:227:6:nrf24_set_addr_width	16	static
../Core/Src/NRF24.c:232:6:nrf24_flush_tx	8	static
../Core/Src/NRF24.c:238:6:nrf24_flush_rx	8	static
../Core/Src/NRF24.c:244:9:nrf24_r_status	24	static
../Core/Src/NRF24.c:255:6:nrf24_clear_rx_dr	16	static
../Core/Src/NRF24.c:265:6:nrf24_clear_tx_ds	16	static
../Core/Src/NRF24.c:275:6:nrf24_clear_max_rt	16	static
../Core/Src/NRF24.c:285:9:nrf24_read_bit	16	static
../Core/Src/NRF24.c:294:6:nrf24_set_bit	24	static
../Core/Src/NRF24.c:308:9:nrf24_r_pld_wid	16	static
../Core/Src/NRF24.c:319:6:nrf24_listen	16	static
../Core/Src/NRF24.c:331:6:nrf24_stop_listen	16	static
../Core/Src/NRF24.c:341:6:nrf24_dpl	24	static
../Core/Src/NRF24.c:353:6:nrf24_set_rx_dpl	24	static
../Core/Src/NRF24.c:370:6:nrf24_auto_ack	24	static
../Core/Src/NRF24.c:387:6:nrf24_auto_ack_all	24	static
../Core/Src/NRF24.c:399:6:nrf24_en_ack_pld	24	static
../Core/Src/NRF24.c:411:6:nrf24_en_dyn_ack	24	static
../Core/Src/NRF24.c:423:6:nrf24_auto_retr_delay	24	static
../Core/Src/NRF24.c:433:6:nrf24_auto_retr_limit	24	static
../Core/Src/NRF24.c:443:6:nrf24_type_to_uint8_t	32	static
../Core/Src/NRF24.c:449:8:nrf24_uint8_t_to_type	24	static
../Core/Src/NRF24.c:460:9:nrf24_transmit	24	static
../Core/Src/NRF24.c:484:6:nrf24_transmit_no_ack	24	static
../Core/Src/NRF24.c:500:6:nrf24_transmit_rx_ack_pld	24	static
../Core/Src/NRF24.c:515:9:nrf24_carrier_detect	8	static
../Core/Src/NRF24.c:519:9:nrf24_data_available	16	static
../Core/Src/NRF24.c:530:6:nrf24_receive	24	static
../Core/Src/NRF24.c:541:6:nrf24_defaults	16	static
../Core/Src/NRF24.c:573:6:nrf24_init	8	static
