../Core/Src/nrf24l01p.c:18:6:nrf24l01p_rx_available	16	static
../Core/Src/nrf24l01p.c:24:13:cs_high	8	static
../Core/Src/nrf24l01p.c:29:13:cs_low	8	static
../Core/Src/nrf24l01p.c:34:13:ce_high	8	static
../Core/Src/nrf24l01p.c:39:13:ce_low	8	static
../Core/Src/nrf24l01p.c:44:16:read_register	32	static
../Core/Src/nrf24l01p.c:58:16:write_register	32	static
../Core/Src/nrf24l01p.c:74:6:nrf24l01p_rx_init	16	static
../Core/Src/nrf24l01p.c:96:6:nrf24l01p_tx_init	16	static
../Core/Src/nrf24l01p.c:116:6:write_register_multi	24	static
../Core/Src/nrf24l01p.c:125:6:nrf24l01p_rx_receive	16	static
../Core/Src/nrf24l01p.c:135:6:nrf24l01p_tx_transmit	16	static
../Core/Src/nrf24l01p.c:140:6:nrf24l01p_tx_irq	16	static
../Core/Src/nrf24l01p.c:161:6:nrf24l01p_reset	8	static
../Core/Src/nrf24l01p.c:192:6:nrf24l01p_prx_mode	16	static
../Core/Src/nrf24l01p.c:200:6:nrf24l01p_ptx_mode	16	static
../Core/Src/nrf24l01p.c:208:9:nrf24l01p_read_rx_fifo	32	static
../Core/Src/nrf24l01p.c:221:9:nrf24l01p_write_tx_fifo	32	static
../Core/Src/nrf24l01p.c:234:6:nrf24l01p_flush_rx_fifo	24	static
../Core/Src/nrf24l01p.c:244:6:nrf24l01p_flush_tx_fifo	24	static
../Core/Src/nrf24l01p.c:254:9:nrf24l01p_get_status	24	static
../Core/Src/nrf24l01p.c:266:9:nrf24l01p_get_fifo_status	8	static
../Core/Src/nrf24l01p.c:271:6:nrf24l01p_rx_set_payload_widths	16	static
../Core/Src/nrf24l01p.c:276:6:nrf24l01p_clear_rx_dr	16	static
../Core/Src/nrf24l01p.c:284:6:nrf24l01p_clear_tx_ds	16	static
../Core/Src/nrf24l01p.c:292:6:nrf24l01p_clear_max_rt	16	static
../Core/Src/nrf24l01p.c:300:6:nrf24l01p_power_up	16	static
../Core/Src/nrf24l01p.c:308:6:nrf24l01p_power_down	16	static
../Core/Src/nrf24l01p.c:316:6:nrf24l01p_set_crc_length	24	static
../Core/Src/nrf24l01p.c:335:6:nrf24l01p_set_address_widths	16	static
../Core/Src/nrf24l01p.c:340:6:nrf24l01p_auto_retransmit_count	24	static
../Core/Src/nrf24l01p.c:350:6:nrf24l01p_auto_retransmit_delay	24	static
../Core/Src/nrf24l01p.c:360:6:nrf24l01p_set_rf_channel	24	static
../Core/Src/nrf24l01p.c:366:6:nrf24l01p_set_rf_tx_output_power	24	static
../Core/Src/nrf24l01p.c:374:6:nrf24l01p_set_rf_air_data_rate	24	static
