Archive member included to satisfy reference by file (symbol)

C:/ST/STM32CubeIDE_1.17.0/STM32CubeIDE/plugins/com.st.stm32cube.ide.mcu.externaltools.gnu-tools-for-stm32.12.3.rel1.win32_1.1.0.202410251130/tools/bin/../lib/gcc/arm-none-eabi/12.3.1/../../../../arm-none-eabi/lib/thumb/v7-m/nofp\libc_nano.a(libc_a-exit.o)
                              C:/ST/STM32CubeIDE_1.17.0/STM32CubeIDE/plugins/com.st.stm32cube.ide.mcu.externaltools.gnu-tools-for-stm32.12.3.rel1.win32_1.1.0.202410251130/tools/bin/../lib/gcc/arm-none-eabi/12.3.1/../../../../arm-none-eabi/lib/thumb/v7-m/nofp/crt0.o (exit)
C:/ST/STM32CubeIDE_1.17.0/STM32CubeIDE/plugins/com.st.stm32cube.ide.mcu.externaltools.gnu-tools-for-stm32.12.3.rel1.win32_1.1.0.202410251130/tools/bin/../lib/gcc/arm-none-eabi/12.3.1/../../../../arm-none-eabi/lib/thumb/v7-m/nofp\libc_nano.a(libc_a-findfp.o)
                              C:/ST/STM32CubeIDE_1.17.0/STM32CubeIDE/plugins/com.st.stm32cube.ide.mcu.externaltools.gnu-tools-for-stm32.12.3.rel1.win32_1.1.0.202410251130/tools/bin/../lib/gcc/arm-none-eabi/12.3.1/../../../../arm-none-eabi/lib/thumb/v7-m/nofp\libc_nano.a(libc_a-exit.o) (__stdio_exit_handler)
C:/ST/STM32CubeIDE_1.17.0/STM32CubeIDE/plugins/com.st.stm32cube.ide.mcu.externaltools.gnu-tools-for-stm32.12.3.rel1.win32_1.1.0.202410251130/tools/bin/../lib/gcc/arm-none-eabi/12.3.1/../../../../arm-none-eabi/lib/thumb/v7-m/nofp\libc_nano.a(libc_a-fwalk.o)
                              C:/ST/STM32CubeIDE_1.17.0/STM32CubeIDE/plugins/com.st.stm32cube.ide.mcu.externaltools.gnu-tools-for-stm32.12.3.rel1.win32_1.1.0.202410251130/tools/bin/../lib/gcc/arm-none-eabi/12.3.1/../../../../arm-none-eabi/lib/thumb/v7-m/nofp\libc_nano.a(libc_a-findfp.o) (_fwalk_sglue)
C:/ST/STM32CubeIDE_1.17.0/STM32CubeIDE/plugins/com.st.stm32cube.ide.mcu.externaltools.gnu-tools-for-stm32.12.3.rel1.win32_1.1.0.202410251130/tools/bin/../lib/gcc/arm-none-eabi/12.3.1/../../../../arm-none-eabi/lib/thumb/v7-m/nofp\libc_nano.a(libc_a-stdio.o)
                              C:/ST/STM32CubeIDE_1.17.0/STM32CubeIDE/plugins/com.st.stm32cube.ide.mcu.externaltools.gnu-tools-for-stm32.12.3.rel1.win32_1.1.0.202410251130/tools/bin/../lib/gcc/arm-none-eabi/12.3.1/../../../../arm-none-eabi/lib/thumb/v7-m/nofp\libc_nano.a(libc_a-findfp.o) (__sread)
C:/ST/STM32CubeIDE_1.17.0/STM32CubeIDE/plugins/com.st.stm32cube.ide.mcu.externaltools.gnu-tools-for-stm32.12.3.rel1.win32_1.1.0.202410251130/tools/bin/../lib/gcc/arm-none-eabi/12.3.1/../../../../arm-none-eabi/lib/thumb/v7-m/nofp\libc_nano.a(libc_a-memset.o)
                              C:/ST/STM32CubeIDE_1.17.0/STM32CubeIDE/plugins/com.st.stm32cube.ide.mcu.externaltools.gnu-tools-for-stm32.12.3.rel1.win32_1.1.0.202410251130/tools/bin/../lib/gcc/arm-none-eabi/12.3.1/../../../../arm-none-eabi/lib/thumb/v7-m/nofp/crt0.o (memset)
C:/ST/STM32CubeIDE_1.17.0/STM32CubeIDE/plugins/com.st.stm32cube.ide.mcu.externaltools.gnu-tools-for-stm32.12.3.rel1.win32_1.1.0.202410251130/tools/bin/../lib/gcc/arm-none-eabi/12.3.1/../../../../arm-none-eabi/lib/thumb/v7-m/nofp\libc_nano.a(libc_a-closer.o)
                              C:/ST/STM32CubeIDE_1.17.0/STM32CubeIDE/plugins/com.st.stm32cube.ide.mcu.externaltools.gnu-tools-for-stm32.12.3.rel1.win32_1.1.0.202410251130/tools/bin/../lib/gcc/arm-none-eabi/12.3.1/../../../../arm-none-eabi/lib/thumb/v7-m/nofp\libc_nano.a(libc_a-stdio.o) (_close_r)
C:/ST/STM32CubeIDE_1.17.0/STM32CubeIDE/plugins/com.st.stm32cube.ide.mcu.externaltools.gnu-tools-for-stm32.12.3.rel1.win32_1.1.0.202410251130/tools/bin/../lib/gcc/arm-none-eabi/12.3.1/../../../../arm-none-eabi/lib/thumb/v7-m/nofp\libc_nano.a(libc_a-reent.o)
                              C:/ST/STM32CubeIDE_1.17.0/STM32CubeIDE/plugins/com.st.stm32cube.ide.mcu.externaltools.gnu-tools-for-stm32.12.3.rel1.win32_1.1.0.202410251130/tools/bin/../lib/gcc/arm-none-eabi/12.3.1/../../../../arm-none-eabi/lib/thumb/v7-m/nofp\libc_nano.a(libc_a-closer.o) (errno)
C:/ST/STM32CubeIDE_1.17.0/STM32CubeIDE/plugins/com.st.stm32cube.ide.mcu.externaltools.gnu-tools-for-stm32.12.3.rel1.win32_1.1.0.202410251130/tools/bin/../lib/gcc/arm-none-eabi/12.3.1/../../../../arm-none-eabi/lib/thumb/v7-m/nofp\libc_nano.a(libc_a-impure.o)
                              C:/ST/STM32CubeIDE_1.17.0/STM32CubeIDE/plugins/com.st.stm32cube.ide.mcu.externaltools.gnu-tools-for-stm32.12.3.rel1.win32_1.1.0.202410251130/tools/bin/../lib/gcc/arm-none-eabi/12.3.1/../../../../arm-none-eabi/lib/thumb/v7-m/nofp\libc_nano.a(libc_a-reent.o) (_impure_ptr)
C:/ST/STM32CubeIDE_1.17.0/STM32CubeIDE/plugins/com.st.stm32cube.ide.mcu.externaltools.gnu-tools-for-stm32.12.3.rel1.win32_1.1.0.202410251130/tools/bin/../lib/gcc/arm-none-eabi/12.3.1/../../../../arm-none-eabi/lib/thumb/v7-m/nofp\libc_nano.a(libc_a-lseekr.o)
[...]
Memory Configuration

Name             Origin             Length             Attributes
RAM              0x20000000         0x00005000         xrw
FLASH            0x08000000         0x00020000         xr
*default*        0x00000000         0xffffffff

Linker script and memory map

LOAD C:/ST/STM32CubeIDE_1.17.0/STM32CubeIDE/plugins/com.st.stm32cube.ide.mcu.externaltools.gnu-tools-for-stm32.12.3.rel1.win32_1.1.0.202410251130/tools/bin/../lib/gcc/arm-none-eabi/12.3.1/thumb/v7-m/nofp/crti.o
LOAD C:/ST/STM32CubeIDE_1.17.0/STM32CubeIDE/plugins/com.st.stm32cube.ide.mcu.externaltools.gnu-tools-for-stm32.12.3.rel1.win32_1.1.0.202410251130/tools/bin/../lib/gcc/arm-none-eabi/12.3.1/thumb/v7-m/nofp/crtbegin.o
LOAD C:/ST/STM32CubeIDE_1.17.0/STM32CubeIDE/plugins/com.st.stm32cube.ide.mcu.externaltools.gnu-tools-for-stm32.12.3.rel1.win32_1.1.0.202410251130/tools/bin/../lib/gcc/arm-none-eabi/12.3.1/../../../../arm-none-eabi/lib/thumb/v7-m/nofp/crt0.o
LOAD ./Core/Src/NRF24.o
LOAD ./Core/Src/gpio.o
LOAD ./Core/Src/main.o
LOAD ./Core/Src/spi.o
LOAD ./Core/Src/stm32f1xx_hal_msp.o
LOAD ./Core/Src/stm32f1xx_it.o
LOAD ./Core/Src/syscalls.o
LOAD ./Core/Src/sysmem.o
LOAD ./Core/Src/system_stm32f1xx.o
LOAD ./Core/Startup/startup_stm32f103rbtx.o
LOAD ./Drivers/STM32F1xx_HAL_Driver/Src/stm32f1xx_hal.o
LOAD ./Drivers/STM32F1xx_HAL_Driver/Src/stm32f1xx_hal_cortex.o
LOAD ./Drivers/STM32F1xx_HAL_Driver/Src/stm32f1xx_hal_dma.o
LOAD ./Drivers/STM32F1xx_HAL_Driver/Src/stm32f1xx_hal_exti.o
LOAD ./Drivers/STM32F1xx_HAL_Driver/Src/stm32f1xx_hal_flash.o
LOAD ./Drivers/STM32F1xx_HAL_Driver/Src/stm32f1xx_hal_flash_ex.o
LOAD ./Drivers/STM32F1xx_HAL_Driver/Src/stm32f1xx_hal_gpio.o
LOAD ./Drivers/STM32F1xx_HAL_Driver/Src/stm32f1xx_hal_gpio_ex.o
LOAD ./Drivers/STM32F1xx_HAL_Driver/Src/stm32f1xx_hal_pwr.o
LOAD ./Drivers/STM32F1xx_HAL_Driver/Src/stm32f1xx_hal_rcc.o
LOAD ./Drivers/STM32F1xx_HAL_Driver/Src/stm32f1xx_hal_rcc_ex.o
LOAD ./Drivers/STM32F1xx_HAL_Driver/Src/stm32f1xx_hal_spi.o
START GROUP
LOAD C:/ST/STM32CubeIDE_1.17.0/STM32CubeIDE/plugins/com.st.stm32cube.ide.mcu.externaltools.gnu-tools-for-stm32.12.3.rel1.win32_1.1.0.202410251130/tools/bin/../lib/gcc/arm-none-eabi/12.3.1/../../../../arm-none-eabi/lib/thumb/v7-m/nofp\libc_nano.a
LOAD C:/ST/STM32CubeIDE_1.17.0/STM32CubeIDE/plugins/com.st.stm32cube.ide.mcu.externaltools.gnu-tools-for-stm32.12.3.rel1.win32_1.1.0.202410251130/tools/bin/../lib/gcc/arm-none-eabi/12.3.1/../../../../arm-none-eabi/lib/thumb/v7-m/nofp\libm.a
END GROUP
START GROUP
LOAD C:/ST/STM32CubeIDE_1.17.0/STM32CubeIDE/plugins/com.st.stm32cube.ide.mcu.externaltools.gnu-tools-for-stm32.12.3.rel1.win32_1.1.0.202410251130/tools/bin/../lib/gcc/arm-none-eabi/12.3.1/thumb/v7-m/nofp\libgcc.a
LOAD C:/ST/STM32CubeIDE_1.17.0/STM32CubeIDE/plugins/com.st.stm32cube.ide.mcu.externaltools.gnu-tools-for-stm32.12.3.rel1.win32_1.1.0.202410251130/tools/bin/../lib/gcc/arm-none-eabi/12.3.1/../../../../arm-none-eabi/lib/thumb/v7-m/nofp\libc_nano.a
END GROUP
START GROUP
LOAD C:/ST/STM32CubeIDE_1.17.0/STM32CubeIDE/plugins/com.st.stm32cube.ide.mcu.externaltools.gnu-tools-for-stm32.12.3.rel1.win32_1.1.0.202410251130/tools/bin/../lib/gcc/arm-none-eabi/12.3.1/thumb/v7-m/nofp\libgcc.a
LOAD C:/ST/STM32CubeIDE_1.17.0/STM32CubeIDE/plugins/com.st.stm32cube.ide.mcu.externaltools.gnu-tools-for-stm32.12.3.rel1.win32_1.1.0.202410251130/tools/bin/../lib/gcc/arm-none-eabi/12.3.1/../../../../arm-none-eabi/lib/thumb/v7-m/nofp\libc_nano.a
LOAD C:/ST/STM32CubeIDE_1.17.0/STM32CubeIDE/plugins/com.st.stm32cube.ide.mcu.externaltools.gnu-tools-for-stm32.12.3.rel1.win32_1.1.0.202410251130/tools/bin/../lib/gcc/arm-none-eabi/12.3.1/../../../../arm-none-eabi/lib/thumb/v7-m/nofp\libnosys.a
END GROUP
START GROUP
LOAD C:/ST/STM32CubeIDE_1.17.0/STM32CubeIDE/plugins/com.st.stm32cube.ide.mcu.externaltools.gnu-tools-for-stm32.12.3.rel1.win32_1.1.0.202410251130/tools/bin/../lib/gcc/arm-none-eabi/12.3.1/thumb/v7-m/nofp\libgcc.a
LOAD C:/ST/STM32CubeIDE_1.17.0/STM32CubeIDE/plugins/com.st.stm32cube.ide.mcu.externaltools.gnu-tools-for-stm32.12.3.rel1.win32_1.1.0.202410251130/tools/bin/../lib/gcc/arm-none-eabi/12.3.1/../../../../arm-none-eabi/lib/thumb/v7-m/nofp\libc_nano.a
LOAD C:/ST/STM32CubeIDE_1.17.0/STM32CubeIDE/plugins/com.st.stm32cube.ide.mcu.externaltools.gnu-tools-for-stm32.12.3.rel1.win32_1.1.0.202410251130/tools/bin/../lib/gcc/arm-none-eabi/12.3.1/../../../../arm-none-eabi/lib/thumb/v7-m/nofp\libnosys.a
END GROUP
LOAD C:/ST/STM32CubeIDE_1.17.0/STM32CubeIDE/plugins/com.st.stm32cube.ide.mcu.externaltools.gnu-tools-for-stm32.12.3.rel1.win32_1.1.0.202410251130/tools/bin/../lib/gcc/arm-none-eabi/12.3.1/thumb/v7-m/nofp/crtend.o
LOAD C:/ST/STM32CubeIDE_1.17.0/STM32CubeIDE/plugins/com.st.stm32cube.ide.mcu.externaltools.gnu-tools-for-stm32.12.3.rel1.win32_1.1.0.202410251130/tools/bin/../lib/gcc/arm-none-eabi/12.3.1/thumb/v7-m/nofp/crtn.o
                0x20005000                        _estack = (ORIGIN (RAM) + LENGTH (RAM))
                0x00000200                        _Min_Heap_Size = 0x200
                0x00000400                        _Min_Stack_Size = 0x400

.isr_vector     0x08000000      0x10c
                0x08000000                        . = ALIGN (0x4)
 *(.isr_vector)
 .isr_vector    0x08000000      0x10c ./Core/Startup/startup_stm32f103rbtx.o
                0x08000000                g_pfnVectors
                0x0800010c                        . = ALIGN (0x4)

.text           0x0800010c     0x26ec
                0x0800010c                        . = ALIGN (0x4)
 *(.text)
 .text          0x0800010c       0x40 C:/ST/STM32CubeIDE_1.17.0/STM32CubeIDE/plugins/com.st.stm32cube.ide.mcu.externaltools.gnu-tools-for-stm32.12.3.rel1.win32_1.1.0.202410251130/tools/bin/../lib/gcc/arm-none-eabi/12.3.1/thumb/v7-m/nofp/crtbegin.o
 .text          0x0800014c       0x14 C:/ST/STM32CubeIDE_1.17.0/STM32CubeIDE/plugins/com.st.stm32cube.ide.mcu.externaltools.gnu-tools-for-stm32.12.3.rel1.win32_1.1.0.202410251130/tools/bin/../lib/gcc/arm-none-eabi/12.3.1/../../../../arm-none-eabi/lib/thumb/v7-m/nofp\libc_nano.a(libc_a-strcmp.o)
                0x0800014c                strcmp
 *(.text*)
 .text.csn_high
                0x08000160       0x18 ./Core/Src/NRF24.o
                0x08000160                csn_high
 .text.csn_low  0x08000178       0x18 ./Core/Src/NRF24.o
                0x08000178                csn_low
 .text.ce_high  0x08000190       0x18 ./Core/Src/NRF24.o
                0x08000190                ce_high
 .text.ce_low   0x080001a8       0x18 ./Core/Src/NRF24.o
                0x080001a8                ce_low
 .text.nrf24_w_reg
                0x080001c0       0x50 ./Core/Src/NRF24.o
                0x080001c0                nrf24_w_reg
 .text.nrf24_r_reg
                0x08000210       0x50 ./Core/Src/NRF24.o
                0x08000210                nrf24_r_reg
 .text.nrf24_w_spec_cmd
                0x08000260       0x24 ./Core/Src/NRF24.o
                0x08000260                nrf24_w_spec_cmd
 .text.nrf24_pwr_dwn
                0x08000284       0x34 ./Core/Src/NRF24.o
                0x08000284                nrf24_pwr_dwn
 .text.nrf24_tx_pwr
                0x080002b8       0x4c ./Core/Src/NRF24.o
                0x080002b8                nrf24_tx_pwr
 .text.nrf24_data_rate
                0x08000304       0x5c ./Core/Src/NRF24.o
                0x08000304                nrf24_data_rate
 .text.nrf24_set_channel
                0x08000360       0x1e ./Core/Src/NRF24.o
                0x08000360                nrf24_set_channel
 *fill*         0x0800037e        0x2 
 .text.nrf24_pipe_pld_size
                0x08000380       0x9c ./Core/Src/NRF24.o
                0x08000380                nrf24_pipe_pld_size
 .text.nrf24_open_rx_pipe
                0x0800041c       0xdc ./Core/Src/NRF24.o
                0x0800041c                nrf24_open_rx_pipe
 .text.nrf24_cls_rx_pipe
                0x080004f8       0x46 ./Core/Src/NRF24.o
                0x080004f8                nrf24_cls_rx_pipe
 .text.nrf24_set_crc
                0x0800053e       0x58 ./Core/Src/NRF24.o
                0x0800053e                nrf24_set_crc
 .text.nrf24_set_addr_width
                0x08000596       0x26 ./Core/Src/NRF24.o
                0x08000596                nrf24_set_addr_width
 .text.nrf24_flush_tx
                0x080005bc       0x16 ./Core/Src/NRF24.o
                0x080005bc                nrf24_flush_tx
 .text.nrf24_flush_rx
                0x080005d2       0x16 ./Core/Src/NRF24.o
                0x080005d2                nrf24_flush_rx
 .text.nrf24_r_status
                0x080005e8       0x38 ./Core/Src/NRF24.o
                0x080005e8                nrf24_r_status
 .text.nrf24_clear_rx_dr
                0x08000620       0x30 ./Core/Src/NRF24.o
                0x08000620                nrf24_clear_rx_dr
 .text.nrf24_clear_tx_ds
                0x08000650       0x30 ./Core/Src/NRF24.o
                0x08000650                nrf24_clear_tx_ds
 .text.nrf24_clear_max_rt
                0x08000680       0x30 ./Core/Src/NRF24.o
                0x08000680                nrf24_clear_max_rt
 .text.nrf24_listen
                0x080006b0       0x38 ./Core/Src/NRF24.o
                0x080006b0                nrf24_listen
 .text.nrf24_stop_listen
                0x080006e8       0x34 ./Core/Src/NRF24.o
                0x080006e8                nrf24_stop_listen
 .text.nrf24_dpl
                0x0800071c       0x48 ./Core/Src/NRF24.o
                0x0800071c                nrf24_dpl
 .text.nrf24_set_rx_dpl
                0x08000764       0x74 ./Core/Src/NRF24.o
                0x08000764                nrf24_set_rx_dpl
 .text.nrf24_auto_ack
                0x080007d8       0x74 ./Core/Src/NRF24.o
                0x080007d8                nrf24_auto_ack
 .text.nrf24_en_ack_pld
                0x0800084c       0x48 ./Core/Src/NRF24.o
                0x0800084c                nrf24_en_ack_pld
 .text.nrf24_en_dyn_ack
                0x08000894       0x48 ./Core/Src/NRF24.o
                0x08000894                nrf24_en_dyn_ack
 .text.nrf24_auto_retr_delay
                0x080008dc       0x48 ./Core/Src/NRF24.o
                0x080008dc                nrf24_auto_retr_delay
 .text.nrf24_auto_retr_limit
                0x08000924       0x40 ./Core/Src/NRF24.o
                0x08000924                nrf24_auto_retr_limit
 .text.nrf24_data_available
                0x08000964       0x2a ./Core/Src/NRF24.o
                0x08000964                nrf24_data_available
 *fill*         0x0800098e        0x2 
 .text.nrf24_receive
                0x08000990       0x48 ./Core/Src/NRF24.o
                0x08000990                nrf24_receive
 .text.nrf24_defaults
                0x080009d8       0xa8 ./Core/Src/NRF24.o
                0x080009d8                nrf24_defaults
 .text.MX_GPIO_Init
                0x08000a80       0xc4 ./Core/Src/gpio.o
                0x08000a80                MX_GPIO_Init
 .text.nrf24_receiver_setup
                0x08000b44       0x34 ./Core/Src/main.o
                0x08000b44                nrf24_receiver_setup
 .text.receive_data
                0x08000b78       0x54 ./Core/Src/main.o
                0x08000b78                receive_data
 .text.main     0x08000bcc       0x26 ./Core/Src/main.o
                0x08000bcc                main
 .text.SystemClock_Config
                0x08000bf2       0x82 ./Core/Src/main.o
                0x08000bf2                SystemClock_Config
 .text.Error_Handler
                0x08000c74        0xc ./Core/Src/main.o
                0x08000c74                Error_Handler
 .text.MX_SPI1_Init
                0x08000c80       0x6c ./Core/Src/spi.o
                0x08000c80                MX_SPI1_Init
 .text.HAL_SPI_MspInit
                0x08000cec       0x94 ./Core/Src/spi.o
                0x08000cec                HAL_SPI_MspInit
 .text.HAL_MspInit
                0x08000d80       0x64 ./Core/Src/stm32f1xx_hal_msp.o
                0x08000d80                HAL_MspInit
 .text.NMI_Handler
                0x08000de4        0x8 ./Core/Src/stm32f1xx_it.o
                0x08000de4                NMI_Handler
 .text.HardFault_Handler
                0x08000dec        0x8 ./Core/Src/stm32f1xx_it.o
                0x08000dec                HardFault_Handler
 .text.MemManage_Handler
                0x08000df4        0x8 ./Core/Src/stm32f1xx_it.o
                0x08000df4                MemManage_Handler
 .text.BusFault_Handler
                0x08000dfc        0x8 ./Core/Src/stm32f1xx_it.o
                0x08000dfc                BusFault_Handler
 .text.UsageFault_Handler
                0x08000e04        0x8 ./Core/Src/stm32f1xx_it.o
                0x08000e04                UsageFault_Handler
 .text.SVC_Handler
                0x08000e0c        0xc ./Core/Src/stm32f1xx_it.o
                0x08000e0c                SVC_Handler
 .text.DebugMon_Handler
                0x08000e18        0xc ./Core/Src/stm32f1xx_it.o
                0x08000e18                DebugMon_Handler
 .text.PendSV_Handler
                0x08000e24        0xc ./Core/Src/stm32f1xx_it.o
                0x08000e24                PendSV_Handler
 .text.SysTick_Handler
                0x08000e30        0xc ./Core/Src/stm32f1xx_it.o
                0x08000e30                SysTick_Handler
 .text.SystemInit
                0x08000e3c        0xc ./Core/Src/system_stm32f1xx.o
                0x08000e3c                SystemInit
 .text.Reset_Handler
                0x08000e48       0x48 ./Core/Startup/startup_stm32f103rbtx.o
                0x08000e48                Reset_Handler
 .text.Default_Handler
                0x08000e90        0x2 ./Core/Startup/startup_stm32f103rbtx.o
                0x08000e90                RTC_Alarm_IRQHandler
                0x08000e90                EXTI2_IRQHandler
                0x08000e90                TIM1_CC_IRQHandler
                0x08000e90                PVD_IRQHandler
                0x08000e90                EXTI3_IRQHandler
                0x08000e90                EXTI0_IRQHandler
                0x08000e90                I2C2_EV_IRQHandler
                0x08000e90                ADC1_2_IRQHandler
                0x08000e90                SPI1_IRQHandler
                0x08000e90                TAMPER_IRQHandler
                0x08000e90                DMA1_Channel4_IRQHandler
                0x08000e90                USART3_IRQHandler
                0x08000e90                RTC_IRQHandler
                0x08000e90                DMA1_Channel7_IRQHandler
                0x08000e90                CAN1_RX1_IRQHandler
                0x08000e90                TIM4_IRQHandler
                0x08000e90                I2C1_EV_IRQHandler
                0x08000e90                DMA1_Channel6_IRQHandler
                0x08000e90                TIM3_IRQHandler
                0x08000e90                RCC_IRQHandler
                0x08000e90                TIM1_TRG_COM_IRQHandler
                0x08000e90                DMA1_Channel1_IRQHandler
                0x08000e90                Default_Handler
                0x08000e90                EXTI15_10_IRQHandler
                0x08000e90                EXTI9_5_IRQHandler
                0x08000e90                SPI2_IRQHandler
                0x08000e90                DMA1_Channel5_IRQHandler
                0x08000e90                EXTI4_IRQHandler
                0x08000e90                USB_LP_CAN1_RX0_IRQHandler
                0x08000e90                USB_HP_CAN1_TX_IRQHandler
                0x08000e90                DMA1_Channel3_IRQHandler
                0x08000e90                TIM1_UP_IRQHandler
                0x08000e90                WWDG_IRQHandler
                0x08000e90                TIM2_IRQHandler
                0x08000e90                TIM1_BRK_IRQHandler
                0x08000e90                EXTI1_IRQHandler
                0x08000e90                USART2_IRQHandler
                0x08000e90                I2C2_ER_IRQHandler
                0x08000e90                DMA1_Channel2_IRQHandler
                0x08000e90                CAN1_SCE_IRQHandler
                0x08000e90                FLASH_IRQHandler
                0x08000e90                USART1_IRQHandler
                0x08000e90                I2C1_ER_IRQHandler
                0x08000e90                USBWakeUp_IRQHandler
 *fill*         0x08000e92        0x2 
 .text.HAL_Init
                0x08000e94       0x2c ./Drivers/STM32F1xx_HAL_Driver/Src/stm32f1xx_hal.o
                0x08000e94                HAL_Init
 .text.HAL_InitTick
                0x08000ec0       0x60 ./Drivers/STM32F1xx_HAL_Driver/Src/stm32f1xx_hal.o
                0x08000ec0                HAL_InitTick
 .text.HAL_IncTick
                0x08000f20       0x24 ./Drivers/STM32F1xx_HAL_Driver/Src/stm32f1xx_hal.o
                0x08000f20                HAL_IncTick
 .text.HAL_GetTick
                0x08000f44       0x14 ./Drivers/STM32F1xx_HAL_Driver/Src/stm32f1xx_hal.o
                0x08000f44                HAL_GetTick
 .text.HAL_Delay
                0x08000f58       0x48 ./Drivers/STM32F1xx_HAL_Driver/Src/stm32f1xx_hal.o
                0x08000f58                HAL_Delay
 .text.__NVIC_SetPriorityGrouping
                0x08000fa0       0x48 ./Drivers/STM32F1xx_HAL_Driver/Src/stm32f1xx_hal_cortex.o
 .text.__NVIC_GetPriorityGrouping
                0x08000fe8       0x1c ./Drivers/STM32F1xx_HAL_Driver/Src/stm32f1xx_hal_cortex.o
 .text.__NVIC_SetPriority
                0x08001004       0x54 ./Drivers/STM32F1xx_HAL_Driver/Src/stm32f1xx_hal_cortex.o
 .text.NVIC_EncodePriority
                0x08001058       0x64 ./Drivers/STM32F1xx_HAL_Driver/Src/stm32f1xx_hal_cortex.o
 .text.SysTick_Config
                0x080010bc       0x44 ./Drivers/STM32F1xx_HAL_Driver/Src/stm32f1xx_hal_cortex.o
 .text.HAL_NVIC_SetPriorityGrouping
                0x08001100       0x16 ./Drivers/STM32F1xx_HAL_Driver/Src/stm32f1xx_hal_cortex.o
                0x08001100                HAL_NVIC_SetPriorityGrouping
 .text.HAL_NVIC_SetPriority
                0x08001116       0x38 ./Drivers/STM32F1xx_HAL_Driver/Src/stm32f1xx_hal_cortex.o
                0x08001116                HAL_NVIC_SetPriority
 .text.HAL_SYSTICK_Config
                0x0800114e       0x18 ./Drivers/STM32F1xx_HAL_Driver/Src/stm32f1xx_hal_cortex.o
                0x0800114e                HAL_SYSTICK_Config
 *fill*         0x08001166        0x2 
 .text.HAL_GPIO_Init
                0x08001168      0x308 ./Drivers/STM32F1xx_HAL_Driver/Src/stm32f1xx_hal_gpio.o
                0x08001168                HAL_GPIO_Init
 .text.HAL_GPIO_WritePin
                0x08001470       0x30 ./Drivers/STM32F1xx_HAL_Driver/Src/stm32f1xx_hal_gpio.o
                0x08001470                HAL_GPIO_WritePin
 .text.HAL_RCC_OscConfig
                0x080014a0      0x504 ./Drivers/STM32F1xx_HAL_Driver/Src/stm32f1xx_hal_rcc.o
                0x080014a0                HAL_RCC_OscConfig
 .text.HAL_RCC_ClockConfig
                0x080019a4      0x1d4 ./Drivers/STM32F1xx_HAL_Driver/Src/stm32f1xx_hal_rcc.o
                0x080019a4                HAL_RCC_ClockConfig
 .text.HAL_RCC_GetSysClockFreq
                0x08001b78       0xa8 ./Drivers/STM32F1xx_HAL_Driver/Src/stm32f1xx_hal_rcc.o
                0x08001b78                HAL_RCC_GetSysClockFreq
 .text.RCC_Delay
                0x08001c20       0x3c ./Drivers/STM32F1xx_HAL_Driver/Src/stm32f1xx_hal_rcc.o
 .text.HAL_SPI_Init
                0x08001c5c      0x108 ./Drivers/STM32F1xx_HAL_Driver/Src/stm32f1xx_hal_spi.o
                0x08001c5c                HAL_SPI_Init
 .text.HAL_SPI_Transmit
                0x08001d64      0x288 ./Drivers/STM32F1xx_HAL_Driver/Src/stm32f1xx_hal_spi.o
                0x08001d64                HAL_SPI_Transmit
 .text.HAL_SPI_Receive
                0x08001fec      0x232 ./Drivers/STM32F1xx_HAL_Driver/Src/stm32f1xx_hal_spi.o
                0x08001fec                HAL_SPI_Receive
 .text.HAL_SPI_TransmitReceive
                0x0800221e      0x352 ./Drivers/STM32F1xx_HAL_Driver/Src/stm32f1xx_hal_spi.o
                0x0800221e                HAL_SPI_TransmitReceive
 .text.SPI_WaitFlagStateUntilTimeout
                0x08002570      0x110 ./Drivers/STM32F1xx_HAL_Driver/Src/stm32f1xx_hal_spi.o
 .text.SPI_EndRxTransaction
                0x08002680       0xa4 ./Drivers/STM32F1xx_HAL_Driver/Src/stm32f1xx_hal_spi.o
 .text.SPI_EndRxTxTransaction
                0x08002724       0x62 ./Drivers/STM32F1xx_HAL_Driver/Src/stm32f1xx_hal_spi.o
 .text.memset   0x08002786       0x10 C:/ST/STM32CubeIDE_1.17.0/STM32CubeIDE/plugins/com.st.stm32cube.ide.mcu.externaltools.gnu-tools-for-stm32.12.3.rel1.win32_1.1.0.202410251130/tools/bin/../lib/gcc/arm-none-eabi/12.3.1/../../../../arm-none-eabi/lib/thumb/v7-m/nofp\libc_nano.a(libc_a-memset.o)
                0x08002786                memset
 *fill*         0x08002796        0x2 
 .text.__libc_init_array
                0x08002798       0x48 C:/ST/STM32CubeIDE_1.17.0/STM32CubeIDE/plugins/com.st.stm32cube.ide.mcu.externaltools.gnu-tools-for-stm32.12.3.rel1.win32_1.1.0.202410251130/tools/bin/../lib/gcc/arm-none-eabi/12.3.1/../../../../arm-none-eabi/lib/thumb/v7-m/nofp\libc_nano.a(libc_a-init.o)
                0x08002798                __libc_init_array
 *(.glue_7)
 .glue_7        0x080027e0        0x0 linker stubs
 *(.glue_7t)
 .glue_7t       0x080027e0        0x0 linker stubs
 *(.eh_frame)
 .eh_frame      0x080027e0        0x0 C:/ST/STM32CubeIDE_1.17.0/STM32CubeIDE/plugins/com.st.stm32cube.ide.mcu.externaltools.gnu-tools-for-stm32.12.3.rel1.win32_1.1.0.202410251130/tools/bin/../lib/gcc/arm-none-eabi/12.3.1/thumb/v7-m/nofp/crtbegin.o
 *(.init)
 .init          0x080027e0        0x4 C:/ST/STM32CubeIDE_1.17.0/STM32CubeIDE/plugins/com.st.stm32cube.ide.mcu.externaltools.gnu-tools-for-stm32.12.3.rel1.win32_1.1.0.202410251130/tools/bin/../lib/gcc/arm-none-eabi/12.3.1/thumb/v7-m/nofp/crti.o
                0x080027e0                _init
 .init          0x080027e4        0x8 C:/ST/STM32CubeIDE_1.17.0/STM32CubeIDE/plugins/com.st.stm32cube.ide.mcu.externaltools.gnu-tools-for-stm32.12.3.rel1.win32_1.1.0.202410251130/tools/bin/../lib/gcc/arm-none-eabi/12.3.1/thumb/v7-m/nofp/crtn.o
 *(.fini)
 .fini          0x080027ec        0x4 C:/ST/STM32CubeIDE_1.17.0/STM32CubeIDE/plugins/com.st.stm32cube.ide.mcu.externaltools.gnu-tools-for-stm32.12.3.rel1.win32_1.1.0.202410251130/tools/bin/../lib/gcc/arm-none-eabi/12.3.1/thumb/v7-m/nofp/crti.o
                0x080027ec                _fini
 .fini          0x080027f0        0x8 C:/ST/STM32CubeIDE_1.17.0/STM32CubeIDE/plugins/com.st.stm32cube.ide.mcu.externaltools.gnu-tools-for-stm32.12.3.rel1.win32_1.1.0.202410251130/tools/bin/../lib/gcc/arm-none-eabi/12.3.1/thumb/v7-m/nofp/crtn.o
                0x080027f8                        . = ALIGN (0x4)
                0x080027f8                        _etext = .

.vfp11_veneer   0x080027f8        0x0
 .vfp11_veneer  0x080027f8        0x0 linker stubs

.v4_bx          0x080027f8        0x0
 .v4_bx         0x080027f8        0x0 linker stubs

.iplt           0x080027f8        0x0
 .iplt          0x080027f8        0x0 C:/ST/STM32CubeIDE_1.17.0/STM32CubeIDE/plugins/com.st.stm32cube.ide.mcu.externaltools.gnu-tools-for-stm32.12.3.rel1.win32_1.1.0.202410251130/tools/bin/../lib/gcc/arm-none-eabi/12.3.1/thumb/v7-m/nofp/crtbegin.o

.rodata         0x080027f8       0x30
                0x080027f8                        . = ALIGN (0x4)
 *(.rodata)
 .rodata        0x080027f8        0xb ./Core/Src/main.o
 *(.rodata*)
 *fill*         0x08002803        0x1 
 .rodata.AHBPrescTable
                0x08002804       0x10 ./Core/Src/system_stm32f1xx.o
                0x08002804                AHBPrescTable
 .rodata.aPLLMULFactorTable.1
                0x08002814       0x10 ./Drivers/STM32F1xx_HAL_Driver/Src/stm32f1xx_hal_rcc.o
 .rodata.aPredivFactorTable.0
                0x08002824        0x2 ./Drivers/STM32F1xx_HAL_Driver/Src/stm32f1xx_hal_rcc.o
                0x08002828                        . = ALIGN (0x4)
 *fill*         0x08002826        0x2 

.ARM.extab      0x08002828        0x0
                0x08002828                        . = ALIGN (0x4)
 *(.ARM.extab* .gnu.linkonce.armextab.*)
                0x08002828                        . = ALIGN (0x4)

.ARM            0x08002828        0x8
                0x08002828                        . = ALIGN (0x4)
                0x08002828                        __exidx_start = .
 *(.ARM.exidx*)
 .ARM.exidx     0x08002828        0x8 C:/ST/STM32CubeIDE_1.17.0/STM32CubeIDE/plugins/com.st.stm32cube.ide.mcu.externaltools.gnu-tools-for-stm32.12.3.rel1.win32_1.1.0.202410251130/tools/bin/../lib/gcc/arm-none-eabi/12.3.1/../../../../arm-none-eabi/lib/thumb/v7-m/nofp\libc_nano.a(libc_a-strcmp.o)
                0x08002830                        __exidx_end = .
                0x08002830                        . = ALIGN (0x4)

.preinit_array  0x08002830        0x0
                0x08002830                        . = ALIGN (0x4)
                0x08002830                        PROVIDE (__preinit_array_start = .)
 *(.preinit_array*)
                0x08002830                        PROVIDE (__preinit_array_end = .)
                0x08002830                        . = ALIGN (0x4)

.init_array     0x08002830        0x4
                0x08002830                        . = ALIGN (0x4)
                0x08002830                        PROVIDE (__init_array_start = .)
 *(SORT_BY_NAME(.init_array.*))
 *(.init_array*)
 .init_array    0x08002830        0x4 C:/ST/STM32CubeIDE_1.17.0/STM32CubeIDE/plugins/com.st.stm32cube.ide.mcu.externaltools.gnu-tools-for-stm32.12.3.rel1.win32_1.1.0.202410251130/tools/bin/../lib/gcc/arm-none-eabi/12.3.1/thumb/v7-m/nofp/crtbegin.o
                0x08002834                        PROVIDE (__init_array_end = .)
                0x08002834                        . = ALIGN (0x4)

.fini_array     0x08002834        0x4
                0x08002834                        . = ALIGN (0x4)
                [!provide]                        PROVIDE (__fini_array_start = .)
 *(SORT_BY_NAME(.fini_array.*))
 *(.fini_array*)
 .fini_array    0x08002834        0x4 C:/ST/STM32CubeIDE_1.17.0/STM32CubeIDE/plugins/com.st.stm32cube.ide.mcu.externaltools.gnu-tools-for-stm32.12.3.rel1.win32_1.1.0.202410251130/tools/bin/../lib/gcc/arm-none-eabi/12.3.1/thumb/v7-m/nofp/crtbegin.o
                [!provide]                        PROVIDE (__fini_array_end = .)
                0x08002838                        . = ALIGN (0x4)
                0x08002838                        _sidata = LOADADDR (.data)

.rel.dyn        0x08002838        0x0
 .rel.iplt      0x08002838        0x0 C:/ST/STM32CubeIDE_1.17.0/STM32CubeIDE/plugins/com.st.stm32cube.ide.mcu.externaltools.gnu-tools-for-stm32.12.3.rel1.win32_1.1.0.202410251130/tools/bin/../lib/gcc/arm-none-eabi/12.3.1/thumb/v7-m/nofp/crtbegin.o

.data           0x20000000        0xc load address 0x08002838
                0x20000000                        . = ALIGN (0x4)
                0x20000000                        _sdata = .
 *(.data)
 *(.data*)
 .data.SystemCoreClock
                0x20000000        0x4 ./Core/Src/system_stm32f1xx.o
                0x20000000                SystemCoreClock
 .data.uwTickPrio
                0x20000004        0x4 ./Drivers/STM32F1xx_HAL_Driver/Src/stm32f1xx_hal.o
                0x20000004                uwTickPrio
 .data.uwTickFreq
                0x20000008        0x1 ./Drivers/STM32F1xx_HAL_Driver/Src/stm32f1xx_hal.o
                0x20000008                uwTickFreq
 *(.RamFunc)
 *(.RamFunc*)
                0x2000000c                        . = ALIGN (0x4)
 *fill*         0x20000009        0x3 
                0x2000000c                        _edata = .

.igot.plt       0x2000000c        0x0 load address 0x08002844
 .igot.plt      0x2000000c        0x0 C:/ST/STM32CubeIDE_1.17.0/STM32CubeIDE/plugins/com.st.stm32cube.ide.mcu.externaltools.gnu-tools-for-stm32.12.3.rel1.win32_1.1.0.202410251130/tools/bin/../lib/gcc/arm-none-eabi/12.3.1/thumb/v7-m/nofp/crtbegin.o
                0x2000000c                        . = ALIGN (0x4)

.bss            0x2000000c       0x78 load address 0x08002844
                0x2000000c                        _sbss = .
                0x2000000c                        __bss_start__ = _sbss
 *(.bss)
 .bss           0x2000000c       0x1c C:/ST/STM32CubeIDE_1.17.0/STM32CubeIDE/plugins/com.st.stm32cube.ide.mcu.externaltools.gnu-tools-for-stm32.12.3.rel1.win32_1.1.0.202410251130/tools/bin/../lib/gcc/arm-none-eabi/12.3.1/thumb/v7-m/nofp/crtbegin.o
 *(.bss*)
 .bss.hspi1     0x20000028       0x58 ./Core/Src/spi.o
                0x20000028                hspi1
 .bss.uwTick    0x20000080        0x4 ./Drivers/STM32F1xx_HAL_Driver/Src/stm32f1xx_hal.o
                0x20000080                uwTick
 *(COMMON)
                0x20000084                        . = ALIGN (0x4)
                0x20000084                        _ebss = .
                0x20000084                        __bss_end__ = _ebss

._user_heap_stack
                0x20000084      0x604 load address 0x08002844
                0x20000088                        . = ALIGN (0x8)
 *fill*         0x20000084        0x4 
                [!provide]                        PROVIDE (end = .)
                0x20000088                        PROVIDE (_end = .)
                0x20000288                        . = (. + _Min_Heap_Size)
 *fill*         0x20000088      0x200 
                0x20000688                        . = (. + _Min_Stack_Size)
 *fill*         0x20000288      0x400 
                0x20000688                        . = ALIGN (0x8)

/DISCARD/
 libc.a(*)
 libm.a(*)
 libgcc.a(*)

.ARM.attributes
                0x00000000       0x29
 *(.ARM.attributes)
 .ARM.attributes
                0x00000000       0x1d C:/ST/STM32CubeIDE_1.17.0/STM32CubeIDE/plugins/com.st.stm32cube.ide.mcu.externaltools.gnu-tools-for-stm32.12.3.rel1.win32_1.1.0.202410251130/tools/bin/../lib/gcc/arm-none-eabi/12.3.1/thumb/v7-m/nofp/crti.o
 .ARM.attributes
                0x0000001d       0x2d C:/ST/STM32CubeIDE_1.17.0/STM32CubeIDE/plugins/com.st.stm32cube.ide.mcu.externaltools.gnu-tools-for-stm32.12.3.rel1.win32_1.1.0.202410251130/tools/bin/../lib/gcc/arm-none-eabi/12.3.1/thumb/v7-m/nofp/crtbegin.o
 .ARM.attributes
                0x0000004a       0x2d ./Core/Src/NRF24.o
 .ARM.attributes
                0x00000077       0x2d ./Core/Src/gpio.o
 .ARM.attributes
                0x000000a4       0x2d ./Core/Src/main.o
 .ARM.attributes
                0x000000d1       0x2d ./Core/Src/spi.o
 .ARM.attributes
                0x000000fe       0x2d ./Core/Src/stm32f1xx_hal_msp.o
 .ARM.attributes
                0x0000012b       0x2d ./Core/Src/stm32f1xx_it.o
 .ARM.attributes
                0x00000158       0x2d ./Core/Src/system_stm32f1xx.o
 .ARM.attributes
                0x00000185       0x21 ./Core/Startup/startup_stm32f103rbtx.o
 .ARM.attributes
                0x000001a6       0x2d ./Drivers/STM32F1xx_HAL_Driver/Src/stm32f1xx_hal.o
 .ARM.attributes
                0x000001d3       0x2d ./Drivers/STM32F1xx_HAL_Driver/Src/stm32f1xx_hal_cortex.o
 .ARM.attributes
                0x00000200       0x2d ./Drivers/STM32F1xx_HAL_Driver/Src/stm32f1xx_hal_gpio.o
 .ARM.attributes
                0x0000022d       0x2d ./Drivers/STM32F1xx_HAL_Driver/Src/stm32f1xx_hal_rcc.o
 .ARM.attributes
                0x0000025a       0x2d ./Drivers/STM32F1xx_HAL_Driver/Src/stm32f1xx_hal_spi.o
 .ARM.attributes
                0x00000287       0x2d C:/ST/STM32CubeIDE_1.17.0/STM32CubeIDE/plugins/com.st.stm32cube.ide.mcu.externaltools.gnu-tools-for-stm32.12.3.rel1.win32_1.1.0.202410251130/tools/bin/../lib/gcc/arm-none-eabi/12.3.1/../../../../arm-none-eabi/lib/thumb/v7-m/nofp\libc_nano.a(libc_a-memset.o)
 .ARM.attributes
                0x000002b4       0x2d C:/ST/STM32CubeIDE_1.17.0/STM32CubeIDE/plugins/com.st.stm32cube.ide.mcu.externaltools.gnu-tools-for-stm32.12.3.rel1.win32_1.1.0.202410251130/tools/bin/../lib/gcc/arm-none-eabi/12.3.1/../../../../arm-none-eabi/lib/thumb/v7-m/nofp\libc_nano.a(libc_a-init.o)
 .ARM.attributes
                0x000002e1       0x1b C:/ST/STM32CubeIDE_1.17.0/STM32CubeIDE/plugins/com.st.stm32cube.ide.mcu.externaltools.gnu-tools-for-stm32.12.3.rel1.win32_1.1.0.202410251130/tools/bin/../lib/gcc/arm-none-eabi/12.3.1/../../../../arm-none-eabi/lib/thumb/v7-m/nofp\libc_nano.a(libc_a-strcmp.o)
 .ARM.attributes
                0x000002fc       0x1d C:/ST/STM32CubeIDE_1.17.0/STM32CubeIDE/plugins/com.st.stm32cube.ide.mcu.externaltools.gnu-tools-for-stm32.12.3.rel1.win32_1.1.0.202410251130/tools/bin/../lib/gcc/arm-none-eabi/12.3.1/thumb/v7-m/nofp/crtn.o
OUTPUT(567.elf elf32-littlearm)
LOAD linker stubs
LOAD C:/ST/STM32CubeIDE_1.17.0/STM32CubeIDE/plugins/com.st.stm32cube.ide.mcu.externaltools.gnu-tools-for-stm32.12.3.rel1.win32_1.1.0.202410251130/tools/bin/../lib/gcc/arm-none-eabi/12.3.1/../../../../arm-none-eabi/lib/thumb/v7-m/nofp\libc.a
LOAD C:/ST/STM32CubeIDE_1.17.0/STM32CubeIDE/plugins/com.st.stm32cube.ide.mcu.externaltools.gnu-tools-for-stm32.12.3.rel1.win32_1.1.0.202410251130/tools/bin/../lib/gcc/arm-none-eabi/12.3.1/../../../../arm-none-eabi/lib/thumb/v7-m/nofp\libm.a
LOAD C:/ST/STM32CubeIDE_1.17.0/STM32CubeIDE/plugins/com.st.stm32cube.ide.mcu.externaltools.gnu-tools-for-stm32.12.3.rel1.win32_1.1.0.202410251130/tools/bin/../lib/gcc/arm-none-eabi/12.3.1/thumb/v7-m/nofp\libgcc.a

.debug_info     0x00000000     0x57ba
 .debug_info    0x00000000     0x1058 ./Core/Src/NRF24.o
 .debug_info    0x00001058      0x2b7 ./Core/Src/gpio.o
 .debug_info    0x0000130f      0x461 ./Core/Src/main.o
 .debug_info    0x00001770      0x7bc ./Core/Src/spi.o
 .debug_info    0x00001f2c      0x1f1 ./Core/Src/stm32f1xx_hal_msp.o
 .debug_info    0x0000211d      0x113 ./Core/Src/stm32f1xx_it.o
 .debug_info    0x00002230      0x222 ./Core/Src/system_stm32f1xx.o
 .debug_info    0x00002452       0x30 ./Core/Startup/startup_stm32f103rbtx.o
 .debug_info    0x00002482      0x704 ./Drivers/STM32F1xx_HAL_Driver/Src/stm32f1xx_hal.o
 .debug_info    0x00002b86      0xa87 ./Drivers/STM32F1xx_HAL_Driver/Src/stm32f1xx_hal_cortex.o
 .debug_info    0x0000360d      0x5ab ./Drivers/STM32F1xx_HAL_Driver/Src/stm32f1xx_hal_gpio.o
 .debug_info    0x00003bb8      0x7d5 ./Drivers/STM32F1xx_HAL_Driver/Src/stm32f1xx_hal_rcc.o
 .debug_info    0x0000438d     0x142d ./Drivers/STM32F1xx_HAL_Driver/Src/stm32f1xx_hal_spi.o

.debug_abbrev   0x00000000     0x16f3
 .debug_abbrev  0x00000000      0x31d ./Core/Src/NRF24.o
 .debug_abbrev  0x0000031d      0x13f ./Core/Src/gpio.o
 .debug_abbrev  0x0000045c      0x20f ./Core/Src/main.o
 .debug_abbrev  0x0000066b      0x1e7 ./Core/Src/spi.o
 .debug_abbrev  0x00000852       0xdb ./Core/Src/stm32f1xx_hal_msp.o
 .debug_abbrev  0x0000092d       0x73 ./Core/Src/stm32f1xx_it.o
 .debug_abbrev  0x000009a0      0x13f ./Core/Src/system_stm32f1xx.o
 .debug_abbrev  0x00000adf       0x24 ./Core/Startup/startup_stm32f103rbtx.o
 .debug_abbrev  0x00000b03      0x201 ./Drivers/STM32F1xx_HAL_Driver/Src/stm32f1xx_hal.o
 .debug_abbrev  0x00000d04      0x2f8 ./Drivers/STM32F1xx_HAL_Driver/Src/stm32f1xx_hal_cortex.o
 .debug_abbrev  0x00000ffc      0x1ca ./Drivers/STM32F1xx_HAL_Driver/Src/stm32f1xx_hal_gpio.o
 .debug_abbrev  0x000011c6      0x2b3 ./Drivers/STM32F1xx_HAL_Driver/Src/stm32f1xx_hal_rcc.o
 .debug_abbrev  0x00001479      0x27a ./Drivers/STM32F1xx_HAL_Driver/Src/stm32f1xx_hal_spi.o

.debug_aranges  0x00000000      0x798
 .debug_aranges
                0x00000000      0x1a0 ./Core/Src/NRF24.o
 .debug_aranges
                0x000001a0       0x20 ./Core/Src/gpio.o
 .debug_aranges
                0x000001c0       0x40 ./Core/Src/main.o
 .debug_aranges
                0x00000200       0x30 ./Core/Src/spi.o
 .debug_aranges
                0x00000230       0x20 ./Core/Src/stm32f1xx_hal_msp.o
 .debug_aranges
                0x00000250       0x60 ./Core/Src/stm32f1xx_it.o
 .debug_aranges
                0x000002b0       0x28 ./Core/Src/system_stm32f1xx.o
 .debug_aranges
                0x000002d8       0x28 ./Core/Startup/startup_stm32f103rbtx.o
 .debug_aranges
                0x00000300       0xe0 ./Drivers/STM32F1xx_HAL_Driver/Src/stm32f1xx_hal.o
 .debug_aranges
                0x000003e0      0x100 ./Drivers/STM32F1xx_HAL_Driver/Src/stm32f1xx_hal_cortex.o
 .debug_aranges
                0x000004e0       0x58 ./Drivers/STM32F1xx_HAL_Driver/Src/stm32f1xx_hal_gpio.o
 .debug_aranges
                0x00000538       0x90 ./Drivers/STM32F1xx_HAL_Driver/Src/stm32f1xx_hal_rcc.o
 .debug_aranges
                0x000005c8      0x1d0 ./Drivers/STM32F1xx_HAL_Driver/Src/stm32f1xx_hal_spi.o

.debug_rnglists
                0x00000000      0x596
 .debug_rnglists
                0x00000000      0x136 ./Core/Src/NRF24.o
 .debug_rnglists
                0x00000136       0x14 ./Core/Src/gpio.o
 .debug_rnglists
                0x0000014a       0x2c ./Core/Src/main.o
 .debug_rnglists
                0x00000176       0x20 ./Core/Src/spi.o
 .debug_rnglists
                0x00000196       0x13 ./Core/Src/stm32f1xx_hal_msp.o
 .debug_rnglists
                0x000001a9       0x43 ./Core/Src/stm32f1xx_it.o
 .debug_rnglists
                0x000001ec       0x1a ./Core/Src/system_stm32f1xx.o
 .debug_rnglists
                0x00000206       0x19 ./Core/Startup/startup_stm32f103rbtx.o
 .debug_rnglists
                0x0000021f       0xa3 ./Drivers/STM32F1xx_HAL_Driver/Src/stm32f1xx_hal.o
 .debug_rnglists
                0x000002c2       0xbb ./Drivers/STM32F1xx_HAL_Driver/Src/stm32f1xx_hal_cortex.o
 .debug_rnglists
                0x0000037d       0x3f ./Drivers/STM32F1xx_HAL_Driver/Src/stm32f1xx_hal_gpio.o
 .debug_rnglists
                0x000003bc       0x6c ./Drivers/STM32F1xx_HAL_Driver/Src/stm32f1xx_hal_rcc.o
 .debug_rnglists
                0x00000428      0x16e ./Drivers/STM32F1xx_HAL_Driver/Src/stm32f1xx_hal_spi.o

.debug_macro    0x00000000    0x17347
 .debug_macro   0x00000000      0x27c ./Core/Src/NRF24.o
 .debug_macro   0x0000027c      0xaa8 ./Core/Src/NRF24.o
 .debug_macro   0x00000d24       0x22 ./Core/Src/NRF24.o
 .debug_macro   0x00000d46       0x5b ./Core/Src/NRF24.o
 .debug_macro   0x00000da1       0x24 ./Core/Src/NRF24.o
 .debug_macro   0x00000dc5       0x94 ./Core/Src/NRF24.o
 .debug_macro   0x00000e59       0x43 ./Core/Src/NRF24.o
 .debug_macro   0x00000e9c       0x34 ./Core/Src/NRF24.o
 .debug_macro   0x00000ed0       0x16 ./Core/Src/NRF24.o
 .debug_macro   0x00000ee6       0x57 ./Core/Src/NRF24.o
 .debug_macro   0x00000f3d       0x9e ./Core/Src/NRF24.o
 .debug_macro   0x00000fdb      0x369 ./Core/Src/NRF24.o
 .debug_macro   0x00001344      0x10b ./Core/Src/NRF24.o
 .debug_macro   0x0000144f       0x10 ./Core/Src/NRF24.o
 .debug_macro   0x0000145f       0x16 ./Core/Src/NRF24.o
 .debug_macro   0x00001475       0x43 ./Core/Src/NRF24.o
 .debug_macro   0x000014b8       0x34 ./Core/Src/NRF24.o
 .debug_macro   0x000014ec       0x10 ./Core/Src/NRF24.o
 .debug_macro   0x000014fc       0x58 ./Core/Src/NRF24.o
 .debug_macro   0x00001554       0x8e ./Core/Src/NRF24.o
 .debug_macro   0x000015e2       0x1c ./Core/Src/NRF24.o
 .debug_macro   0x000015fe      0x177 ./Core/Src/NRF24.o
 .debug_macro   0x00001775       0x16 ./Core/Src/NRF24.o
 .debug_macro   0x0000178b       0x16 ./Core/Src/NRF24.o
 .debug_macro   0x000017a1      0x146 ./Core/Src/NRF24.o
 .debug_macro   0x000018e7      0x215 ./Core/Src/NRF24.o
 .debug_macro   0x00001afc       0x2e ./Core/Src/NRF24.o
 .debug_macro   0x00001b2a       0x22 ./Core/Src/NRF24.o
 .debug_macro   0x00001b4c      0x103 ./Core/Src/NRF24.o
 .debug_macro   0x00001c4f       0x6a ./Core/Src/NRF24.o
 .debug_macro   0x00001cb9      0x1df ./Core/Src/NRF24.o
 .debug_macro   0x00001e98       0x1c ./Core/Src/NRF24.o
 .debug_macro   0x00001eb4       0x22 ./Core/Src/NRF24.o
 .debug_macro   0x00001ed6       0xbd ./Core/Src/NRF24.o
 .debug_macro   0x00001f93      0xd23 ./Core/Src/NRF24.o
 .debug_macro   0x00002cb6     0xe09e ./Core/Src/NRF24.o
 .debug_macro   0x00010d54       0x6d ./Core/Src/NRF24.o
 .debug_macro   0x00010dc1     0x34a2 ./Core/Src/NRF24.o
 .debug_macro   0x00014263       0x56 ./Core/Src/NRF24.o
 .debug_macro   0x000142b9      0x5bc ./Core/Src/NRF24.o
 .debug_macro   0x00014875      0x289 ./Core/Src/NRF24.o
 .debug_macro   0x00014afe      0x1cb ./Core/Src/NRF24.o
 .debug_macro   0x00014cc9      0x114 ./Core/Src/NRF24.o
 .debug_macro   0x00014ddd      0x1b2 ./Core/Src/NRF24.o
 .debug_macro   0x00014f8f       0x27 ./Core/Src/NRF24.o
 .debug_macro   0x00014fb6      0x136 ./Core/Src/NRF24.o
 .debug_macro   0x000150ec      0x1bc ./Core/Src/NRF24.o
 .debug_macro   0x000152a8       0x34 ./Core/Src/NRF24.o
 .debug_macro   0x000152dc       0x3c ./Core/Src/NRF24.o
 .debug_macro   0x00015318       0x57 ./Core/Src/NRF24.o
 .debug_macro   0x0001536f       0x87 ./Core/Src/NRF24.o
 .debug_macro   0x000153f6      0x240 ./Core/Src/NRF24.o
 .debug_macro   0x00015636      0x140 ./Core/Src/NRF24.o
 .debug_macro   0x00015776      0x217 ./Core/Src/NRF24.o
 .debug_macro   0x0001598d       0x83 ./Core/Src/NRF24.o
 .debug_macro   0x00015a10       0x3a ./Core/Src/NRF24.o
 .debug_macro   0x00015a4a      0x232 ./Core/Src/NRF24.o
 .debug_macro   0x00015c7c      0x1a7 ./Core/Src/gpio.o
 .debug_macro   0x00015e23       0x8e ./Core/Src/gpio.o
 .debug_macro   0x00015eb1       0x51 ./Core/Src/gpio.o
 .debug_macro   0x00015f02      0x189 ./Core/Src/gpio.o
 .debug_macro   0x0001608b       0x5c ./Core/Src/gpio.o
 .debug_macro   0x000160e7       0x1c ./Core/Src/gpio.o
 .debug_macro   0x00016103      0x296 ./Core/Src/main.o
 .debug_macro   0x00016399       0x61 ./Core/Src/main.o
 .debug_macro   0x000163fa       0x10 ./Core/Src/main.o
 .debug_macro   0x0001640a       0x35 ./Core/Src/main.o
 .debug_macro   0x0001643f       0x20 ./Core/Src/main.o
 .debug_macro   0x0001645f      0x1a7 ./Core/Src/spi.o
 .debug_macro   0x00016606      0x19d ./Core/Src/stm32f1xx_hal_msp.o
 .debug_macro   0x000167a3      0x1a7 ./Core/Src/stm32f1xx_it.o
 .debug_macro   0x0001694a      0x18e ./Core/Src/system_stm32f1xx.o
 .debug_macro   0x00016ad8      0x1b2 ./Drivers/STM32F1xx_HAL_Driver/Src/stm32f1xx_hal.o
 .debug_macro   0x00016c8a      0x18e ./Drivers/STM32F1xx_HAL_Driver/Src/stm32f1xx_hal_cortex.o
 .debug_macro   0x00016e18      0x1f9 ./Drivers/STM32F1xx_HAL_Driver/Src/stm32f1xx_hal_gpio.o
 .debug_macro   0x00017011      0x1a0 ./Drivers/STM32F1xx_HAL_Driver/Src/stm32f1xx_hal_rcc.o
 .debug_macro   0x000171b1      0x196 ./Drivers/STM32F1xx_HAL_Driver/Src/stm32f1xx_hal_spi.o

.debug_line     0x00000000     0x85c8
 .debug_line    0x00000000      0xf66 ./Core/Src/NRF24.o
 .debug_line    0x00000f66      0x6e7 ./Core/Src/gpio.o
 .debug_line    0x0000164d      0x920 ./Core/Src/main.o
 .debug_line    0x00001f6d      0x742 ./Core/Src/spi.o
 .debug_line    0x000026af      0x6cb ./Core/Src/stm32f1xx_hal_msp.o
 .debug_line    0x00002d7a      0x78d ./Core/Src/stm32f1xx_it.o
 .debug_line    0x00003507      0x749 ./Core/Src/system_stm32f1xx.o
 .debug_line    0x00003c50       0x78 ./Core/Startup/startup_stm32f103rbtx.o
 .debug_line    0x00003cc8      0x976 ./Drivers/STM32F1xx_HAL_Driver/Src/stm32f1xx_hal.o
 .debug_line    0x0000463e      0xb62 ./Drivers/STM32F1xx_HAL_Driver/Src/stm32f1xx_hal_cortex.o
 .debug_line    0x000051a0      0xa0f ./Drivers/STM32F1xx_HAL_Driver/Src/stm32f1xx_hal_gpio.o
 .debug_line    0x00005baf      0xd7f ./Drivers/STM32F1xx_HAL_Driver/Src/stm32f1xx_hal_rcc.o
 .debug_line    0x0000692e     0x1c9a ./Drivers/STM32F1xx_HAL_Driver/Src/stm32f1xx_hal_spi.o

.debug_str      0x00000000    0x81a80
 .debug_str     0x00000000    0x801e2 ./Core/Src/NRF24.o
                              0x805d0 (size before relaxing)
 .debug_str     0x000801e2      0x10d ./Core/Src/gpio.o
                              0x7c26a (size before relaxing)
 .debug_str     0x000802ef      0x253 ./Core/Src/main.o
                              0x7f64a (size before relaxing)
 .debug_str     0x00080542       0x5b ./Core/Src/spi.o
                              0x7c67b (size before relaxing)
 .debug_str     0x0008059d       0x5a ./Core/Src/stm32f1xx_hal_msp.o
                              0x7c1f2 (size before relaxing)
 .debug_str     0x000805f7       0xc9 ./Core/Src/stm32f1xx_it.o
                              0x7c207 (size before relaxing)
 .debug_str     0x000806c0       0x7e ./Core/Src/system_stm32f1xx.o
                              0x7c1c1 (size before relaxing)
 .debug_str     0x0008073e       0x44 ./Core/Startup/startup_stm32f103rbtx.o
                                 0x7b (size before relaxing)
 .debug_str     0x00080782      0x5fd ./Drivers/STM32F1xx_HAL_Driver/Src/stm32f1xx_hal.o
                              0x7c8f4 (size before relaxing)
 .debug_str     0x00080d7f      0x2bb ./Drivers/STM32F1xx_HAL_Driver/Src/stm32f1xx_hal_cortex.o
                              0x7c840 (size before relaxing)
 .debug_str     0x0008103a      0x2e6 ./Drivers/STM32F1xx_HAL_Driver/Src/stm32f1xx_hal_gpio.o
                              0x7c547 (size before relaxing)
 .debug_str     0x00081320      0x229 ./Drivers/STM32F1xx_HAL_Driver/Src/stm32f1xx_hal_rcc.o
                              0x7c5f0 (size before relaxing)
 .debug_str     0x00081549      0x537 ./Drivers/STM32F1xx_HAL_Driver/Src/stm32f1xx_hal_spi.o
                              0x7cae7 (size before relaxing)

.comment        0x00000000       0x43
 .comment       0x00000000       0x43 ./Core/Src/NRF24.o
                                 0x44 (size before relaxing)
 .comment       0x00000043       0x44 ./Core/Src/gpio.o
 .comment       0x00000043       0x44 ./Core/Src/main.o
 .comment       0x00000043       0x44 ./Core/Src/spi.o
 .comment       0x00000043       0x44 ./Core/Src/stm32f1xx_hal_msp.o
 .comment       0x00000043       0x44 ./Core/Src/stm32f1xx_it.o
 .comment       0x00000043       0x44 ./Core/Src/system_stm32f1xx.o
 .comment       0x00000043       0x44 ./Drivers/STM32F1xx_HAL_Driver/Src/stm32f1xx_hal.o
 .comment       0x00000043       0x44 ./Drivers/STM32F1xx_HAL_Driver/Src/stm32f1xx_hal_cortex.o
 .comment       0x00000043       0x44 ./Drivers/STM32F1xx_HAL_Driver/Src/stm32f1xx_hal_gpio.o
 .comment       0x00000043       0x44 ./Drivers/STM32F1xx_HAL_Driver/Src/stm32f1xx_hal_rcc.o
 .comment       0x00000043       0x44 ./Drivers/STM32F1xx_HAL_Driver/Src/stm32f1xx_hal_spi.o

.debug_frame    0x00000000     0x1cf8
 .debug_frame   0x00000000      0x6bc ./Core/Src/NRF24.o
 .debug_frame   0x000006bc       0x34 ./Core/Src/gpio.o
 .debug_frame   0x000006f0       0xb0 ./Core/Src/main.o
 .debug_frame   0x000007a0       0x74 ./Core/Src/spi.o
 .debug_frame   0x00000814       0x38 ./Core/Src/stm32f1xx_hal_msp.o
 .debug_frame   0x0000084c      0x104 ./Core/Src/stm32f1xx_it.o
 .debug_frame   0x00000950       0x58 ./Core/Src/system_stm32f1xx.o
 .debug_frame   0x000009a8      0x334 ./Drivers/STM32F1xx_HAL_Driver/Src/stm32f1xx_hal.o
 .debug_frame   0x00000cdc      0x428 ./Drivers/STM32F1xx_HAL_Driver/Src/stm32f1xx_hal_cortex.o
 .debug_frame   0x00001104      0x14c ./Drivers/STM32F1xx_HAL_Driver/Src/stm32f1xx_hal_gpio.o
 .debug_frame   0x00001250      0x218 ./Drivers/STM32F1xx_HAL_Driver/Src/stm32f1xx_hal_rcc.o
 .debug_frame   0x00001468      0x824 ./Drivers/STM32F1xx_HAL_Driver/Src/stm32f1xx_hal_spi.o
 .debug_frame   0x00001c8c       0x20 C:/ST/STM32CubeIDE_1.17.0/STM32CubeIDE/plugins/com.st.stm32cube.ide.mcu.externaltools.gnu-tools-for-stm32.12.3.rel1.win32_1.1.0.202410251130/tools/bin/../lib/gcc/arm-none-eabi/12.3.1/../../../../arm-none-eabi/lib/thumb/v7-m/nofp\libc_nano.a(libc_a-memset.o)
 .debug_frame   0x00001cac       0x2c C:/ST/STM32CubeIDE_1.17.0/STM32CubeIDE/plugins/com.st.stm32cube.ide.mcu.externaltools.gnu-tools-for-stm32.12.3.rel1.win32_1.1.0.202410251130/tools/bin/../lib/gcc/arm-none-eabi/12.3.1/../../../../arm-none-eabi/lib/thumb/v7-m/nofp\libc_nano.a(libc_a-init.o)
 .debug_frame   0x00001cd8       0x20 C:/ST/STM32CubeIDE_1.17.0/STM32CubeIDE/plugins/com.st.stm32cube.ide.mcu.externaltools.gnu-tools-for-stm32.12.3.rel1.win32_1.1.0.202410251130/tools/bin/../lib/gcc/arm-none-eabi/12.3.1/../../../../arm-none-eabi/lib/thumb/v7-m/nofp\libc_nano.a(libc_a-strcmp.o)

.debug_line_str
                0x00000000       0x5f
 .debug_line_str
                0x00000000       0x5f ./Core/Startup/startup_stm32f103rbtx.o
